./groovy/beans/ListenerList.groovy
./groovy/beans/ListenerListASTTransformation.groovy
./groovy/grape/GrapeIvy.groovy
./groovy/transform/AutoExternalize.groovy
./groovy/transform/CompileDynamic.groovy
./groovy/transform/ConditionalInterrupt.groovy
./groovy/transform/TailRecursive.groovy
./groovy/transform/ThreadInterrupt.groovy
./groovy/transform/TimedInterrupt.groovy
./groovy/util/CliBuilder.groovy
./groovy/util/ConfigSlurper.groovy
./groovy/util/FileNameByRegexFinder.groovy
./org/codehaus/groovy/ast/builder/AstStringCompiler.groovy
./org/codehaus/groovy/ast/builder/AstSpecificationCompiler.groovy
./org/codehaus/groovy/ast/builder/AstBuilder.groovy
./org/codehaus/groovy/classgen/genArrayAccess.groovy
./org/codehaus/groovy/classgen/genArrays.groovy
./org/codehaus/groovy/classgen/genDgmMath.groovy
./org/codehaus/groovy/classgen/genMathModification.groovy
./org/codehaus/groovy/control/customizers/ASTTransformationCustomizer.groovy
./org/codehaus/groovy/control/customizers/builder/ASTTransformationCustomizerFactory.groovy
./org/codehaus/groovy/control/customizers/builder/CompilerCustomizationBuilder.groovy
./org/codehaus/groovy/tools/GrapeMain.groovy
./org/codehaus/groovy/tools/ast/TransformTestHelper.groovy
./org/codehaus/groovy/util/StringUtil.groovy
